// Jest Snapshot v1, https://goo.gl/fbAQLP

exports[`GET /questions 1`] = `
Array [
  Object {
    "author": "Kevin.a",
    "created": "2020-04-21T13:00:00.000Z",
    "id": "9eae28b9-a77b-4f39-901d-140e2d4a710c",
    "title": "favicon.ico 500 error when fetching robots.txt",
  },
  Object {
    "author": "Mike D",
    "created": "2020-04-05T18:16:00.000Z",
    "id": "13ebf57d-4d1d-49db-aa38-301767778c81",
    "title": "Vue recognize text pattern and replace by href to correct resource",
  },
  Object {
    "author": "donto",
    "created": "2020-04-22T07:30:00.000Z",
    "id": "96a2bec4-0c46-4d86-bce7-72dfee38e3b1",
    "title": "Sample the neighbour value from a list",
  },
]
`;

exports[`GET /questions/:id 1`] = `
Object {
  "answers": Array [
    Object {
      "author": "Michael",
      "body": "Just do something else.",
      "created": "2020-04-21T15:01:00.000Z",
      "id": "1dc42217-5ef3-40bc-ad66-fd45377359bb",
    },
    Object {
      "author": "John",
      "body": "Do this instead.",
      "created": "2020-04-22T07:16:00.000Z",
      "id": "df39ad99-64e1-4f9f-8d61-c3b95802dbf8",
    },
  ],
  "author": "Kevin.a",
  "body": "I have an error 500 on my example.com/robots.txt page.

Could this cause any SEO / crawling issues? It's just the favicon , but you never know.",
  "created": "2020-04-21T13:00:00.000Z",
  "id": "9eae28b9-a77b-4f39-901d-140e2d4a710c",
  "title": "favicon.ico 500 error when fetching robots.txt",
}
`;
